[    3828ms] [WARNING] Error with Permissions-Policy header: Unrecognized feature: 'attribution-reporting'. @ :0
[    3829ms] [WARNING] Error with Permissions-Policy header: Unrecognized feature: 'shared-storage'. @ :0
[    3829ms] [WARNING] Error with Permissions-Policy header: Unrecognized feature: 'shared-storage-select-url'. @ :0
[    3961ms] [ERROR] Access to CSS stylesheet at 'https://static.xx.fbcdn.net/rsrc.php/v5/yM/l/0,cross/UI0VryXeRCwl2QPU16TGr-cU-Onl31Wwh7TF2-QXH5TPKkepWw7OiWAT9DWDYPz6DhfgQe914iiBfONMKn3YhINqU49pVNahkCkvx2I9b7Pb8K.css' from origin 'https://www.facebook.com' has been blocked by CORS policy: No 'Access-Control-Allow-Origin' header is present on the requested resource. @ https://www.facebook.com/:0
[    3961ms] [ERROR] Failed to load resource: net::ERR_FAILED @ https://static.xx.fbcdn.net/rsrc.php/v5/yM/l/0,cross/UI0VryXeRCwl2QPU16TGr-cU-Onl31Wwh7TF2-QXH5TPKkepWw7OiWAT9DWDYPz6DhfgQe914iiBfONMKn3YhINqU49pVNahkCkvx2I9b7Pb8K.css:0
[    4022ms] [ERROR] Failed to load resource: net::ERR_BLOCKED_BY_RESPONSE.NotSameOrigin @ https://static.xx.fbcdn.net/rsrc.php/yP/r/b_lEtPAUPMI.webp:0
[    4036ms] [VERBOSE] [DOM] Input elements should have autocomplete attributes (suggested: "current-password"): (More info: https://goo.gl/9p2vKq) %o @ https://www.facebook.com/:0
[    4055ms] [ERROR] Access to script at 'https://static.xx.fbcdn.net/rsrc.php/v4/yA/r/TeG_tOiS3yv.js' from origin 'https://www.facebook.com' has been blocked by CORS policy: No 'Access-Control-Allow-Origin' header is present on the requested resource. @ https://www.facebook.com/:0
[    4055ms] [ERROR] Failed to load resource: net::ERR_FAILED @ https://static.xx.fbcdn.net/rsrc.php/v4/yA/r/TeG_tOiS3yv.js:0
[    4084ms] [ERROR] Access to script at 'https://static.xx.fbcdn.net/rsrc.php/v4isKk4/yV/l/en_US-j/yajTpFFAxAsBl-vBxqVbP8jDkI7Vf1Atmv_kkAv_-wGQ09ifBOb5QwcLSF6kN-2GoifAozIMNFBkkWSb1niIuqZrfBy4VWr_ZMK0ypT2Y5tgJ4S9sQi2-5GQGRwpzJEGrnHdn4SEVucneljsVjQqltBeBhh2otzgdunJl3g9q4pR78qL69VqNNp4Gm153ZOJj2SL08BHl-lElGzTH4Lah-t55E7mKqLYr_uYLTaavkZc4HIHnCn_h8ECZYBY4JZCcc2ZP1Mq8wypiAW_bfkM7xahNNmo79-AMUuK2ufRhjSAS_50wrZWAdmh5DEndjkC1LYw5WWi7I.js' from origin 'https://www.facebook.com' has been blocked by CORS policy: No 'Access-Control-Allow-Origin' header is present on the requested resource. @ https://www.facebook.com/:0
[    4084ms] [ERROR] Failed to load resource: net::ERR_FAILED @ https://static.xx.fbcdn.net/rsrc.php/v4isKk4/yV/l/en_US-j/yajTpFFAxAsBl-vBxqVbP8jDkI7Vf1Atmv_kkAv_-wGQ09ifBOb5QwcLSF6kN-2GoifAozIMNFBkkWSb1niIuqZrfBy4VWr_ZMK0ypT2Y5tgJ4S9sQi2-5GQGRwpzJEGrnHdn4SEVucneljsVjQqltBeBhh2otzgdunJl3g9q4pR78qL69VqNNp4Gm153ZOJj2SL08BHl-lElGzTH4Lah-t55E7mKqLYr_uYLTaavkZc4HIHnCn_h8ECZYBY4JZCcc2ZP1Mq8wypiAW_bfkM7xahNNmo79-AMUuK2ufRhjSAS_50wrZWAdmh5DEndjkC1LYw5WWi7I.js:0
[    4110ms] [ERROR] Access to script at 'https://static.xx.fbcdn.net/rsrc.php/v4ibeB4/yg/l/en_US-j/t0Oj4pc3D4moAwbQl-0atX.js' from origin 'https://www.facebook.com' has been blocked by CORS policy: No 'Access-Control-Allow-Origin' header is present on the requested resource. @ https://www.facebook.com/:0
[    4110ms] [ERROR] Failed to load resource: net::ERR_FAILED @ https://static.xx.fbcdn.net/rsrc.php/v4ibeB4/yg/l/en_US-j/t0Oj4pc3D4moAwbQl-0atX.js:0
[    4191ms] [ERROR] Access to script at 'https://static.xx.fbcdn.net/rsrc.php/v4i_054/y7/l/en_US-j/N0o2Ev4qphc.js' from origin 'https://www.facebook.com' has been blocked by CORS policy: No 'Access-Control-Allow-Origin' header is present on the requested resource. @ https://www.facebook.com/:0
[    4191ms] [ERROR] Failed to load resource: net::ERR_FAILED @ https://static.xx.fbcdn.net/rsrc.php/v4i_054/y7/l/en_US-j/N0o2Ev4qphc.js:0
[    4205ms] [ERROR] Access to script at 'https://static.xx.fbcdn.net/rsrc.php/v4iX394/yT/l/en_US-j/1ITfS6f0LstUkGOAsbcx7T82Yz_4vfOJLldlUDUZRIYNpoQdTyCOVEbf8o16qcduuM4SU6MZnBjqvVIPNHOqVL96-6WbiBCT8LXhlOg4ZYKX0hZjJt_i5-ILHXV_vKBEegn7L2OjEpNOBjY.js' from origin 'https://www.facebook.com' has been blocked by CORS policy: No 'Access-Control-Allow-Origin' header is present on the requested resource. @ https://www.facebook.com/:0
[    4205ms] [ERROR] Failed to load resource: net::ERR_FAILED @ https://static.xx.fbcdn.net/rsrc.php/v4iX394/yT/l/en_US-j/1ITfS6f0LstUkGOAsbcx7T82Yz_4vfOJLldlUDUZRIYNpoQdTyCOVEbf8o16qcduuM4SU6MZnBjqvVIPNHOqVL96-6WbiBCT8LXhlOg4ZYKX0hZjJt_i5-ILHXV_vKBEegn7L2OjEpNOBjY.js:0
[    4233ms] [ERROR] Access to script at 'https://static.xx.fbcdn.net/rsrc.php/v4ih_R4/yv/l/en_US-j/63T-omr2qwMciA8WtYtX2KRtKQGwG0ihEa-9ML_Y_MRXHBlvxuIMFsRSR_169Kn2AO-Qx8lcabVTDOwgx-s7CoHnWzwQJgYNypqfLHbNLMWmrsO2zT06LS1itWcDE791sWIWOQEKEXaGJ8DmCEdlVP__DwwBsqEPHSH1YTvtL32s_6TN5GUvR7zmf91oXroJ7K59X9C3AwQd1t3qNKef6G-hKocd89O_LiCUWDnXRwDHCkV8R1onn-JtdZ7PJrsOfCedTPWKCFM-z_0Q2ncNh9-DZBIN8jKeHWrECl3_n5Wu6jBGHRQaCndvTeBZ7UOSS1OrajkDar.js' from origin 'https://www.facebook.com' has been blocked by CORS policy: No 'Access-Control-Allow-Origin' header is present on the requested resource. @ https://www.facebook.com/:0
[    4233ms] [ERROR] Failed to load resource: net::ERR_FAILED @ https://static.xx.fbcdn.net/rsrc.php/v4ih_R4/yv/l/en_US-j/63T-omr2qwMciA8WtYtX2KRtKQGwG0ihEa-9ML_Y_MRXHBlvxuIMFsRSR_169Kn2AO-Qx8lcabVTDOwgx-s7CoHnWzwQJgYNypqfLHbNLMWmrsO2zT06LS1itWcDE791sWIWOQEKEXaGJ8DmCEdlVP__DwwBsqEPHSH1YTvtL32s_6TN5GUvR7zmf91oXroJ7K59X9C3AwQd1t3qNKef6G-hKocd89O_LiCUWDnXRwDHCkV8R1onn-JtdZ7PJrsOfCedTPWKCFM-z_0Q2ncNh9-DZBIN8jKeHWrECl3_n5Wu6jBGHRQaCndvTeBZ7UOSS1OrajkDar.js:0
[    4237ms] [ERROR] Access to script at 'https://static.xx.fbcdn.net/rsrc.php/v4ix3r4/y1/l/en_US-j/cEUEZeclpEV.js' from origin 'https://www.facebook.com' has been blocked by CORS policy: No 'Access-Control-Allow-Origin' header is present on the requested resource. @ https://www.facebook.com/:0
[    4237ms] [ERROR] Failed to load resource: net::ERR_FAILED @ https://static.xx.fbcdn.net/rsrc.php/v4ix3r4/y1/l/en_US-j/cEUEZeclpEV.js:0
[    4266ms] [ERROR] Access to script at 'https://static.xx.fbcdn.net/rsrc.php/v4igzN4/yw/l/en_US-j/oog0g9j34R6.js' from origin 'https://www.facebook.com' has been blocked by CORS policy: No 'Access-Control-Allow-Origin' header is present on the requested resource. @ https://www.facebook.com/:0
[    4266ms] [ERROR] Failed to load resource: net::ERR_FAILED @ https://static.xx.fbcdn.net/rsrc.php/v4igzN4/yw/l/en_US-j/oog0g9j34R6.js:0
[    4296ms] [ERROR] Access to script at 'https://static.xx.fbcdn.net/rsrc.php/v4il1w4/yK/l/en_US-j/eHgcYHHxCAX.js' from origin 'https://www.facebook.com' has been blocked by CORS policy: No 'Access-Control-Allow-Origin' header is present on the requested resource. @ https://www.facebook.com/:0
[    4296ms] [ERROR] Failed to load resource: net::ERR_FAILED @ https://static.xx.fbcdn.net/rsrc.php/v4il1w4/yK/l/en_US-j/eHgcYHHxCAX.js:0
[    4387ms] [ERROR] Access to script at 'https://static.xx.fbcdn.net/rsrc.php/v4iq8a4/yN/l/en_US-j/R1J_2bM5n27.js' from origin 'https://www.facebook.com' has been blocked by CORS policy: No 'Access-Control-Allow-Origin' header is present on the requested resource. @ https://www.facebook.com/:0
[    4387ms] [ERROR] Failed to load resource: net::ERR_FAILED @ https://static.xx.fbcdn.net/rsrc.php/v4iq8a4/yN/l/en_US-j/R1J_2bM5n27.js:0
[    4389ms] [ERROR] Access to script at 'https://static.xx.fbcdn.net/rsrc.php/v4iZoy4/y0/l/en_US-j/R3vOOuwG0EkrruBGGEYFdG-3cg2A1TYpF40307glsc25AdF4Q4yS3Q5yLIhLjdtTF59V3TtN2HhP5s1wM94cLJpa1QCeCZRMWgwxvyfVWAYRn5Q5XLynIoHzskHM2TrHr72z775NzKCi2Sch9boWyHYdnzATCB6ghfjDQ.js' from origin 'https://www.facebook.com' has been blocked by CORS policy: No 'Access-Control-Allow-Origin' header is present on the requested resource. @ https://www.facebook.com/:0
[    4389ms] [ERROR] Failed to load resource: net::ERR_FAILED @ https://static.xx.fbcdn.net/rsrc.php/v4iZoy4/y0/l/en_US-j/R3vOOuwG0EkrruBGGEYFdG-3cg2A1TYpF40307glsc25AdF4Q4yS3Q5yLIhLjdtTF59V3TtN2HhP5s1wM94cLJpa1QCeCZRMWgwxvyfVWAYRn5Q5XLynIoHzskHM2TrHr72z775NzKCi2Sch9boWyHYdnzATCB6ghfjDQ.js:0
[    4389ms] [ERROR] Access to script at 'https://static.xx.fbcdn.net/rsrc.php/v4/yd/r/QpQ4ZveDLN4.js' from origin 'https://www.facebook.com' has been blocked by CORS policy: No 'Access-Control-Allow-Origin' header is present on the requested resource. @ https://www.facebook.com/:0
[    4389ms] [ERROR] Failed to load resource: net::ERR_FAILED @ https://static.xx.fbcdn.net/rsrc.php/v4/yd/r/QpQ4ZveDLN4.js:0
[    4430ms] [ERROR] Failed to load resource: net::ERR_BLOCKED_BY_RESPONSE.NotSameOrigin @ https://static.xx.fbcdn.net/rsrc.php/y1/r/ay1hV6OlegS.ico:0
